{
    "-profile test": {
        "content": [
            0,
            null,
            [
                "pipeline_info"
            ],
            [
                
            ]
        ],
        "meta": {
            "nf-test": "0.9.2",
            "nextflow": "25.03.1"
        },
        "timestamp": "2025-05-07T13:51:26.771349539"
    }
}