{
    "-profile test": {
        "content": [
            3,
            null,
            [
                "fastqc",
                "fastqc/SAMPLE1_PE_1_fastqc.html",
                "fastqc/SAMPLE1_PE_1_fastqc.zip",
                "fastqc/SAMPLE1_PE_2_fastqc.html",
                "fastqc/SAMPLE1_PE_2_fastqc.zip",
                "fastqc/SAMPLE2_PE_1_fastqc.html",
                "fastqc/SAMPLE2_PE_1_fastqc.zip",
                "fastqc/SAMPLE2_PE_2_fastqc.html",
                "fastqc/SAMPLE2_PE_2_fastqc.zip",
                "fastqc/SAMPLE3_SE_1_fastqc.html",
                "fastqc/SAMPLE3_SE_1_fastqc.zip",
                "fastqc/SAMPLE3_SE_2_fastqc.html",
                "fastqc/SAMPLE3_SE_2_fastqc.zip",
                "pipeline_info",
                "pipeline_info/testpipeline_software_versions.yml"
            ],
            [
                
            ]
        ],
        "meta": {
            "nf-test": "0.9.2",
            "nextflow": "25.03.1"
        },
        "timestamp": "2025-05-07T13:51:49.209676384"
    }
}